correct: 0.5 time: 0.5415201187133789

badCase:
清华大学计算机系
﻿清华大学计算机系


今天回家比较万
今天回家比较晚


